// Jest Snapshot v1, https://goo.gl/fbAQLP

exports[`MenuItem component should render MenuItem component 1`] = `
<div
  className="(large ? '380px' : '240px') menu-item"
  onClick={[Function]}
>
  <div
    className="background-image"
    style={
      Object {
        "backgroundImage": "url(testimage)",
      }
    }
  />
  <div
    className="content"
  >
    <h1
      className="title"
    >
      HATS
    </h1>
    <span
      className="subtitle"
    >
      SHOP NOW
    </span>
  </div>
</div>
`;
